devtools
adabag
animation
AppliedPredictiveModeling
argonDash
argonR
arrow
arules
basictabler
billboarder
BioCircos
blastula
bcrypt
blogdown
broom
bs4Dash
bslib
bsplus
Cairo
car
caret
cartogram
cartography
cicerone
circlize
class
classInt
colorspace
colourpicker
concaveman
corrplot
cowplot
crosstalk
curl
d3heatmap
DALEX
data.table
DBI
dbplyr
deldir
dendextend
dggridR
DiagrammeR
dichromat
diffobj
doMC
doParallel
doSNOW
dplyr
DT
dtplyr
dygraphs
e1071
edgebundleR
echarts4r
emojifont
esquisse
extrafont
fasttime
feather
flexdashboard
flextable
fontawesome
forcats
foreach
forecast
formattable
fst
furrr
future
future.apply
gam
gamlss
gbm
geofacet
geogrid
geojson
geoR
geoRglm
georob
geosphere
ggalluvial
GGally
ggalt
gganimate
ggbeeswarm
ggedit
ggeffects
ggExtra
ggfocus
ggforce
ggfortify
gghighlight
ggimage
ggiraph
ggmap
ggmosaic
ggparallel
ggplot2
ggpmisc
ggpol
ggpubr
ggraph
ggrepel
ggridges
ggsci
ggspatial
ggstance
ggstatsplot
ggthemes
ggTimeSeries
ggupset
ggvoronoi
ggwordcloud
gh
ghibli
GISTools
glmnet
globals
glue
gmodels
googleVis
googleway
gridExtra
gstat
h2o
harrypotter
highcharter
Hmisc
hrbrthemes
htmltab
htmlTable
htmltools
htmlwidgets
httpuv
httr
hues
huxtable
igraph
imager
infer
inlmisc
ISOweek
jcolors
kableExtra
kernlab
kknn
KRIG
janitor
jsonlite
kernlab
klaR
knitr
lawn
leaflet
leaflet.extras
leaflet.extras2
leaflet.minicharts
lemon
listviewer
lme4
lubridate
lwgeom
magick
magrittr
mailR
manipulateWidget
mapdeck
maps
mapsapi
maptools
mapview
MASS
mboost
MCMCglmm
memoise
metricsgraphics
micromap
microplot
mlmRev
mlr3
modelr
mongolite
multcomp
networkD3
nnet
nngeo
odbc
officer
openintro
openxlsx
osrm
packrat
pairsD3
paletteer
palettetown
pals
party
partykit
patchwork
PBSmapping
pivottabler
pixiedust
plotly
plot3D
plotROC
pls
plumber
Polychrome
pROC
profvis
promises
prophet
purrr
pushbar
qqplotr
qs
quantmod
r2d3
radarchart
RagGrid
randomForest
ranger
raster
rayshader
rbokeh
rcartocolor
rclipboard
RColorBrewer
Rcpp
RCrawler
RCurl
reactlog
reactable
readr
readxl
Redmonder
redux
remedy
reticulate
rgdal
rgeos
rgl
rhandsontable
rintrojs
RJSONIO
rmapshaper
rmarkdown
RMySQL
ROCR
RODBC
roxygen2
rpart
rpivotTable
RPostgresSQL
RSQLite
rvest
scales
scatterD3
scico
sf
sfarrow
sfheaders
shiny
shinyalert
shinyanimate
shinyBS
shinybusy
shinycssloaders
shinycustomloader
shinydashboard
shinydashboardPlus
shinydisconnect
shinyDND
shinyEffects
shinyEventLogger
shinyFeedback
shinyFiles
shinyhelper
shinyjqui
shinyjs
shinyLP
shinymaterial
shinytest
shinythemes
shinyTree
shinyWidgets
sna
sp
sparklyr
SpatialTools
spatialwidget
spatstat
spdep
sqldf
stars
stringr
sunburstR
superml
survival
survminer
table1
tablerDash
tensorflow
terra
testthat
thematic
threejs
tidycensus
tidygeocoder
tidymodels
tidyquant
tidyr
tidytext
tidyxl
tilegramsR
timevis
tinter
tmap
tmaptools
tree
treemapify
trelliscopejs
tsbox
tseries
tweenr
units
utf8
validate
vcd
viridis
visNetwork
voronoiTreemap
vroom
waffle
waiter
wesanderson
wordcloud2
wrapr
xaringan
xaringanExtra
xaringanthemer
xgboost
XML
xml2
xtable
xts
yarrr
zeallot
zoo
gapminder
nycflights13
palmerpenguins
