devtools
adabag
animation
AppliedPredictiveModeling
argonDash
argonR
arules
basictabler
billboarder
BioCircos
blastula
bcrypt
blogdown
broom
bs4Dash
bsplus
Cairo
car
caret
cartogram
cartography
circlize
class
classInt
colorspace
colourpicker
corrplot
cowplot
crosstalk
curl
DALEX
data.table
d3heatmap
deldir
dendextend
dggridR
DiagrammeR
dichromat
diffobj
doMC
doParallel
doSNOW
dplyr
DT
dygraphs
e1071
edgebundleR
echarts4r
emojifont
esquisse
extrafont
fasttime
feather
flexdashboard
flextable
forcats
foreach
forecast
formattable
fst
future
gam
gamlss
gbm
geofacet
geogrid
geojson
geoR
geoRglm
georob
geosphere
ggalluvial
GGally
ggalt
gganimate
ggbeeswarm
ggedit
ggeffects
ggExtra
ggfocus
ggforce
ggfortify
gghighlight
ggimage
ggiraph
ggmap
ggmosaic
ggparallel
ggplot2
ggpmisc
ggpol
ggpubr
ggraph
ggrepel
ggridges
ggsci
ggspatial
ggstance
ggstatsplot
ggthemes
ggTimeSeries
ggupset
ggvoronoi
ggwordcloud
ghibli
GISTools
glmnet
glue
gmodels
googleVis
googleway
gridExtra
gstat
h2o
harrypotter
highcharter
Hmisc
hrbrthemes
htmltab
htmlTable
htmltools
htmlwidgets
httpuv
httr
hues
huxtable
igraph
imager
infer
inlmisc
ISOweek
jcolors
kableExtra
kernlab
kknn
KRIG
janitor
jsonlite
klaR
knitr
lawn
leaflet
leaflet.extras
leaflet.minicharts
lemon
listviewer
lme4
lubridate
magick
magrittr
mailR
manipulateWidget
mapdeck
maps
mapsapi
maptools
mapview
MASS
MCMCglmm
metricsgraphics
micromap
microplot
mlmRev
mlr
modelr
mongolite
multcomp
networkD3
nnet
nngeo
odbc
officer
openxlsx
osrm
packrat
pairsD3
palettetown
pals
party
partykit
PBSmapping
pivottabler
pixiedust
plotly
plot3D
plotROC
pls
plumber
Polychrome
pROC
profvis
promises
purrr
pushbar
qqplotr
quantmod
r2d3
radarchart
RagGrid
randomForest
ranger
rbokeh
rcartocolor
rclipboard
RColorBrewer
Rcpp
RCurl
reactlog
readr
readxl
Redmonder
redux
remedy
reticulate
rgdal
rgeos
rgl
rhandsontable
rintrojs
RJSONIO
rmapshaper
rmarkdown
RMySQL
ROCR
RODBC
roxygen2
rpart
rpivotTable
rvest
scales
scatterD3
scico
sf
shiny
shinyalert
shinyanimate
shinyBS
shinycssloaders
shinycustomloader
shinydashboard
shinydashboardPlus
shinyDND
shinyEffects
shinyEventLogger
shinyFeedback
shinyFiles
shinyhelper
shinyjqui
shinyjs
shinyLP
shinymaterial
shinytest
shinythemes
shinyTree
shinyWidgets
sna
sp
sparklyr
SpatialTools
spatialwidget
spatstat
spdep
sqldf
stringr
sunburstR
survival
survminer
table1
tablerDash
tensorflow
testthat
threejs
tidyquant
tidyr
tidytext
tilegramsR
timevis
tinter
tmap
tmaptools
tree
treemapify
trelliscopejs
tweenr
utf8
validate
vcd
viridis
visNetwork
voronoiTreemap
waffle
waiter
wesanderson
wordcloud2
wrapr
xaringan
xgboost
XML
xml2
xtable
xts
yarrr
zoo
