devtools
abstractr
adabag
ade4
adespatial
alluvial
Amelia
animation
aniview
anomalize
anomaly
aos
apexcharter
aplot
AppliedPredictiveModeling
apyramid
argonDash
argonR
arules
assertthat
auth0
autoimage
basictabler
bcrypt
biglmm
bigrquery
billboarder
BioCircos
biscale
bivariate
blastula
bookdown
bookdownplus
boot
bootstraplib
breakDown
broom
broomExtra
bs4Dash
bsplus
BTM
c3
C50
ca
Cairo
callr
canvasXpress
car
CARBayes
CARBayesST
caret
cartograflow
cartogram
cartography
CAST
caTools
changepoint
checkdown
chron
cicerone
circlize
circumplex
class
classInt
cluster
clustertend
clustree
clValid
coefplot
collapsibleTree
colorspace
colourlovers
colourpicker
concaveman
configr
CORElearn
corrgram
corrplot
corrr
coveffectsplot
cowplot
cptcity
cranly
crosstalk
countrycode
customLayout
d3heatmap
D3partitionR
d3r
d3Tree
DALEX
data.table
DataExplorer
datasets
daterangepicker
dbplyr
dbscan
deldir
dendextend
DescTools
dggridR
DHARMa
DiagrammeR
dichromat
diffobj
directlabels
dismo
doFuture
doMC
doParallel
downloadthis
dplyr
drake
DT
dtplyr
dtree
dygraphs
e1071
earth
easyalluvial
ECharts2Shiny
echarts4r
edgebundleR
egg
emdi
emmeans
emojifont
esquisse
evir
ExPosition
extrafont
factoextra
FactoMineR
fastcluster
fasttime
feather
ff
FFTrees
FitARMA
fitdistrplus
flexclust
flexdashboard
flexmix
flextable
fMultivar
fontcm
forcats
foreach
forecast
foreign
formattable
Formula
fpc
fresh
fst
funModeling
furrr
future
future.apply
future.batchtools
future.callr
gam
gapminder
gbm
gcForest
gdata
geodist
geofacet
geogrid
geojson
geojsonR
geojsonsf
geomnet
geonames
geonetwork
geoops
geoR
georob
geosphere
geostatsp
ggalluvial
GGally
ggallin
gganimate
ggalt
ggasym
ggbeeswarm
ggbuildr
ggcharts
ggChernoff
ggconf
ggcorrplot
ggdark
ggdendro
ggeasy
ggedit
ggeffects
ggExtra
ggfan
ggfittext
ggfocus
ggforce
ggformula
ggfortify
gggibbous
gghalves
gghighlight
ggimage
gginnards
ggiraph
ggiraphExtra
ggmap
ggmosaic
ggnetwork
ggnormalviolin
ggpage
ggparallel
ggparliament
ggparty
ggplot2
ggpmisc
ggPMX
ggpointdensity
ggpubr
ggQC
ggquickeda
ggRandomForests
ggraph
ggrepel
ggResidpanel
ggridges
ggsci
ggseas
ggsignif
ggspatial
ggstance
ggstar
ggstatsplot
ggtern
ggthemes
ggTimeSeries
ggupset
ggVennDiagram
ggvis
ggvoronoi
ggwordcloud
ghibli
gifski
giphyr
GISTools
git2r
gllvm
glm2
glmnet
glue
gmodels
googleAnalyticsR
googleAuthR
googlesheets
googleVis
googleway
gotop
gplots
gradientPickerD3
gratia
greybox
grid
gridExtra
gstat
gsubfn
gtable
gtools
GWmodel
h2o
haven
healthcareai
heatmaply
heddlr
here
hexbin
hexSticker
highcharter
Hmisc
hms
hoardr
hrbrthemes
htmltab
htmlTable
htmltools
htmlwidgets
httpuv
httr
huge
huxtable
igraph
iheatmapr
imager
iml
implyr
infer
influxdbr
inlmisc
interplot
ipred
irlba
isdparser
ISOweek
iterators
janitor
jcolors
jsonlite
jsonify
kableExtra
keras
kernlab
khroma
kknn
klaR
knitr
knnp
kohonen
koRpus
KRIG
languageR
lars
lattice
latticeExtra
lawn
lctools
leafem
leaflet
leaflet.extras
leaflet.minicharts
leaflet.opacity
leafpm
leafpop
leafsync
leaftime
leaps
lemon
lexicon
lime
lisa
listviewer
lme4
lmerTest
lmtest
logger
logiBin
lubridate
lwgeom
MachineLearning
MachineShop
maditr
magick
magrittr
mailR
makeParallel
manipulate
manipulateWidget
mapdeck
mapedit
mapmisc
mapproj
maps
mapsapi
maptools
mapview
margins
MASS
Matrix
MatrixModels
matrixStats
mboost
mclust
mda
memoise
memor
merlin
metathis
metricsgraphics
mgcv
mgcViz
mice
microbenchmark
microplot
mindr
minqa
missForest
missMDA
missRanger
mlflow
mlogit
mlr
mlrMBO
ModelMetrics
modelr
moments
mongolite
mosaic
muHVT
multcomp
multicolor
munsell
mvtnorm
naniar
NbClust
ndtv
neo4r
network
networkD3
networkDynamic
neuralnet
nlme
nloptr
NMF
nnet
nngeo
nomisr
nord
noteMD
odbc
officer
oompaBase
OpenMx
openNLP
openxlsx
osrm
packrat
pagedown
pairsD3
palettetown
palr
pals
parallelDist
ParallelLogger
parallelMap
parcats
parcoords
party
partykit
pbkrtest
PerformanceAnalytics
pheatmap
pivottabler
pixiedust
pkgdown
pkgmaker
PKI
plot.matrix
plothelper
plotKML
plotly
plotrix
plotROC
pls
plumber
plyr
png
pointdensityP
Polychrome
pool
PortfolioAnalytics
prediction
prettydoc
pROC
profvis
promises
prophet
psych
purrr
pushbar
pvclust
qcc
qdapRegex
qqplotr
quadprog
qualpalr
Quandl
quantmod
quantreg
radix
rAmCharts
randomcoloR
randomForest
randomForestSRC
ranger
RANN
r2d3
R3port
raster
rbin
rbokeh
rcane
rcartocolor
RColorBrewer
Rcpp
RcppArmadillo
RcppEigen
Rcrawler
RCurl
reactlog
reactR
readODS
readr
readxl
recmap
Redmonder
redux
registry
remedy
reshape2
reticulate
Rfast
rfUtilities
rgdal
rgeos
RGF
rgl
rhandsontable
riem
rintrojs
rio
riverplot
rJava
RJSONIO
rlang
rmapshaper
rmapzen
rmarkdown
rmdformats
rms
RMySQL
ROCR
RODBC
rolldown
roxygen2
rpart
rpart.plot
rpivotTable
RPostgres
RRF
RSelenium
RSNNS
RSQLite
rtweet
rvest
rwavelet
RWeka
sandwich
sbgcop
sboost
scales
scatterD3
scatterplot3d
scico
see
seg
semantic.dashboard
seqtest
sem
sf
shades
shiny.info
shinyalert
shinyanimate
shinyBS
shinybusy
shinycssloaders
shinycustomloader
shinyCyJS
shinydashboard
shinydashboardPlus
shinyDND
shinyEffects
shinyEventLogger
shinyFeedback
shinyFiles
shinyglide
shinyhelper
shinyhttr
shinyjqui
shinyjs
shinyKnobs
shinylogs
shinyLP
shinymanager
shinymaterial
shinyMatrix
shinyMobile
shinypanels
shinytest
shinythemes
shinyTree
shinyWidgets
showtext
sigmajs
sigmaNet
sjmisc
sjPlot
sjstats
skimr
slickR
slackr
smbinning
smooth
smoothr
sna
snow
SOAR
sortable
sp
spaMM
sparkline
sparklyr
sparkTable
SparseM
SpatialKDE
SpatialML
SpatialPosition
spatialreg
spatialwidget
spatstat
spatstat.utils
spatialEco
spData
spdep
spdplyr
splinetree
splitstackshape
splot
spm
spmoran
spnet
sqldf
stargazer
stringi
stringr
strucchange
sugarbag
sugrrants
summarytools
sunburstR
SuperLearner
survival
survivalAnalysis
survminer
survsup
survxai
svd
svgPanZoom
SwarmSVM
sweep
table1
tablerDash
tableHTML
tabplot
tabulizer
tau
tensorflow
testthat
texreg
text2vec
textmineR
tibble
tidycensus
tidygraph
tidyquant
tidyr
tidytext
tigris
tilegramsR
tiler
timetk
timevis
tinter
tm
tmap
tmaptools
tree
treemap
treemapify
trelliscopejs
TSA
tseries
tsmp
tsutils
tufte
tuicalendr
tuichartr
tuneRanger
tweenr
twitteR
UpSetR
usethis
validate
vapour
vars
VCA
vcd
vcdExtra
vegawidget
viridis
visdat
visNetwork
visTree
voronoiTreemap
vov
vtreat
waffle
waiter
webreadr
wesanderson
widgetframe
withr
woeBinning
wordcloud2
wrapr
xaringan
xaringanthemer
xgboost
xlsx
XML
xml2
xtable
xts
yarrr
ymlthis
zoo
ztable
