adabag
ade4
adespatial
alluvial
Amelia
animation
animint2
anomalize
anomaly
AppliedPredictiveModeling
argonDash
argonR
arules
assertthat
auth0
basictabler
bcrypt
biglmm
bigrquery
billboarder
BioCircos
bivariate
blastula
bookdown
bookdownplus
boot
breakDown
broom
bs4Dash
bsplus
c3
C50
ca
Cairo
callr
canvasXpress
car
CARBayes
CARBayesST
caret
cartogram
cartography
CAST
caTools
changepoint
chron
circlize
circumplex
class
classInt
cluster
clustertend
clValid
coefplot
collapsibleTree
colorspace
colourpicker
configr
CORElearn
corrgram
corrplot
corrr
coveffectsplot
cowplot
cranly
crosstalk
countrycode
customLayout
d3heatmap
D3partitionR
d3r
d3Tree
DALEX
data.table
DataExplorer
dbscan
deldir
dendextend
DescTools
dggridR
DiagrammeR
dichromat
diffobj
directlabels
dismo
doFuture
doMC
doParallel
dplyr
drake
DT
dtree
dygraphs
e1071
earth
ECharts2Shiny
echarts4r
edgebundleR
egg
emmeans
emojifont
esquisse
evir
ExPosition
extrafont
factoextra
FactoMineR
fastcluster
fasttime
feather
ff
FFTrees
FitARMA
fitdistrplus
flexclust
flexdashboard
flexmix
flextable
fMultivar
fontcm
forcats
foreach
forecast
foreign
formattable
Formula
fpc
fst
funModeling
furrr
future
future.apply
future.batchtools
future.callr
gam
gapminder
gbm
gcForest
gdata
geodist
geofacet
geogrid
geojson
geojsonR
geojsonsf
geomnet
geoops
geoR
georob
geosphere
geostatsp
ggalluvial
GGally
ggallin
gganimate
ggalt
ggbuildr
ggChernoff
ggconf
ggcorrplot
ggdark
ggdendro
ggedit
ggeffects
ggExtra
ggfan
ggfittext
ggfocus
ggforce
ggformula
ggfortify
gghighlight
ggimage
ggiraph
ggiraphExtra
ggmap
ggmosaic
ggnetwork
ggpage
ggparallel
ggparliament
ggplot2
ggpmisc
ggpubr
ggQC
ggRandomForests
ggraph
ggrepel
ggridges
ggsci
ggseas
ggsignif
ggspatial
ggstance
ggstatsplot
ggtern
ggthemes
ggTimeSeries
ggupset
ggvis
ggvoronoi
ggwordcloud
ghibli
gifski
giphyr
GISTools
git2r
gllvm
glmnet
glue
gmodels
googleAnalyticsR
googleAuthR
googlesheets
googleVis
googleway
gplots
gradientPickerD3
gratia
greybox
grid
gridExtra
gstat
gsubfn
gtable
gtools
GWmodel
h2o
haven
healthcareai
heatmaply
here
hexbin
hexSticker
highcharter
Hmisc
hms
hrbrthemes
htmltab
htmlTable
htmltools
htmlwidgets
httpuv
httr
huxtable
igraph
iheatmapr
iml
implyr
infer
influxdbr
inlmisc
interplot
ipred
irlba
ISOweek
iterators
janitor
jcolors
jsonlite
jsonify
kableExtra
keras
kernlab
kknn
klaR
knitr
knnp
kohonen
KRIG
lars
lattice
latticeExtra
lawn
lctools
leaflet
leaflet.extras
leaflet.minicharts
leaflet.opacity
leafpm
leaps
lemon
lexicon
lime
listviewer
lme4
lmtest
lobstr
logger
logiBin
lubridate
lwgeom
MachineLearning
MachineShop
magick
magrittr
mailR
makeParallel
manipulate
manipulateWidget
mapdeck
mapedit
mapmisc
mapproj
maps
mapsapi
maptools
mapview
margins
markdowntemplates
MASS
Matrix
MatrixModels
matrixStats
mboost
mclust
mda
memoise
memor
merlin
metricsgraphics
mgcv
mgcViz
mice
microbenchmark
microplot
mindr	
minqa
missForest
missMDA
missRanger
mlflow
mlr
mlrMBO
modelr
MonetDBLite
mongolite
mosaic
muHVT
multcomp
munsell
mvtnorm
NbClust
ndtv
network
networkD3
networkDynamic
neuralnet
nlme
nloptr
NMF
nnet
nngeo
nomisr
nord
odbc
officer
oompaBase
OpenMx
openxlsx
osrm
packrat
pagedown
pairsD3
paletteer
palettetown
palr
pals
parallelDist
ParallelLogger
party
partykit
pbkrtest
PerformanceAnalytics
pheatmap
pivottabler
pixiedust
pkgdown
pkgmaker
PKI
plotKML
plotly
plotrix
plotROC
pls
plumber
plyr
png
pointdensityP
Polychrome
pool
PortfolioAnalytics
prediction
pROC
profvis
promises
psych
purrr
pushbar
pvclust
qcc
qqplotr
qualpalr
Quandl
quantmod
quantreg
radix
rAmCharts
randomcoloR
randomForest
randomForestSRC
ranger
RANN
r2d3
raster
rbin
rbokeh
rcane
rcartocolor
rclipboard
RColorBrewer
Rcpp
RcppArmadillo
RcppEigen
Rcrawler
RCurl
reactlog
readODS
readr
readxl
recmap
Redmonder
redux
registry
remedy
reshape2
reticulate
rfUtilities
rgdal
rgeos
RGF
rgl
rhandsontable
riem
rintrojs
rio
riverplot
rJava
RJSONIO
rlang
rmapshaper
rmapzen
rmarkdown
rmdformats
rms
RMySQL
RNeo4j
rnooa
ROCR
RODBC
roxygen2
rpart
rpart.plot
rpivotTable
RPostgres
RRF
RSelenium
RSNNS
RSQLite
rvest
rwavelet
sandwich
sboost
scales
scatterD3
scatterplot3d
scico
sem
sf
shinyalert
shinyanimate
shinyBS
shinycssloaders
shinycustomloader
shinydashboard
shinyDND
shinyEffects
shinyEventLogger
shinyFeedback
shinyFiles
shinyhelper
shinyjqui
shinyjs
shinyLP
shinymaterial
shinytest
shinythemes
shinyTree
shinyWidgets
showtext
sigmajs
sigmaNet
sjmisc
sjPlot
skimr
slickR
slackr
smbinning
smooth
smoothr
sna
snow
SOAR
sp
spaMM
sparkline
sparklyr
sparkTable
SparseM
spatialwidget
spatstat
spatstat.utils
spatialEco
spData
spdep
spdplyr
splinetree
splitstackshape
splot
spm
spmoran
spnet
sqldf
stargazer
stringi
stringr
strucchange
sugrrants
summarytools
sunburstR
SuperLearner
survival
survivalAnalysis
survminer
survsup
survxai
svd
SwarmSVM
sweep
table1
tableHTML
tabplot
tabulizer
tau
taucharts
tensorflow
testthat
texreg
text2vec
textmineR
tibble
tidycensus
tidygraph
tidyquant
tidyr
tidytext
tigris
tilegramsR
tiler
timetk
timevis
tm
tmap
tmaptools
tree
treemap
treemapify
trelliscopejs
tsmp
tsutils
tufte
tuneRanger
tweenr
twitteR
usethis
validate
vapour
vcd
vcdExtra
vegawidget
viridis
visNetwork
visTree
voronoiTreemap
vtreat
waffle
waiter
webreadr
wesanderson
whitebox
widgetframe
withr
woeBinning
wordcloud2
wrapr
xgboost
xlsx
XML
xml2
xtable
xts
yarrr
zoo
ztable
