boundaries/uk/rds/s00
boundaries/uk/rds/s10
boundaries/uk/rds/s20
boundaries/uk/rds/s30
boundaries/uk/rds/s40
boundaries/uk/rds/s50
boundaries/uk/shp
boundaries/us/rds
boundaries/us/shp
boundaries/wd/rds
boundaries/wd/shp
datasets/census/uk
datasets/census/us
datasets/common
datasets/geography/uk
datasets/geography/us
datasets/geography/wd
datasets/shiny-apps/airlines_us
datasets/shiny-apps/cycle_hire_ldn
datasets/shiny-apps/crime_incidents_uk
datasets/shiny-apps/kaggle_ames_housing
datasets/shiny-apps/uk_gender_pay_gap
datasets/shiny-apps/uk_multiple_deprivation
datasets/shiny-apps/uk_petitions
datasets/shiny-apps/wd_city_temperatures
ext-data/census_uk
ext-data/census_us
ext-data/crime-incidents/london
ext-data/cycle-schemes/london
ext-data/food-shops
ext-data/geography/uk
ext-data/geography/us
ext-data/geography/wd
ext-data/land-registry
ext-data/lending
ext-data/uprn
scripts
shiny-apps/airlines_us
shiny-apps/cycle_hire_ldn
shiny-apps/crime_incidents_uk
shiny-apps/kaggle_ames_housing
shiny-apps/palettes
shiny-apps/r_downloads
shiny-apps/road_accidents_nyc
shiny-apps/uk_gender_pay_gap
shiny-apps/uk_multiple_deprivation
shiny-apps/uk_petitions
shiny-apps/wd_city_temperatures
shiny-server/logs
shiny-server/pwds
styles
workshops
www
