ancillaries/common
ancillaries/cycle_schemas/london
ancillaries/eu
ancillaries/it/census
ancillaries/uk/census
ancillaries/uk/geodemographics
ancillaries/uk/geography
ancillaries/uk/import_export
ancillaries/uk/land_registry
ancillaries/us/census
ancillaries/wd/flags
ancillaries/wd/geography
backup
blogdown
boundaries/it/rds/s00
boundaries/it/rds/s10
boundaries/it/rds/s20
boundaries/it/rds/s30
boundaries/it/rds/s40
boundaries/it/rds/s50
boundaries/it/shp/grid
boundaries/it/shp/SZN
boundaries/uk/INSPIRE
boundaries/uk/postcodes/ch
boundaries/uk/postcodes/oa
boundaries/uk/rds/s00
boundaries/uk/rds/s10
boundaries/uk/rds/s20
boundaries/uk/rds/s30
boundaries/uk/rds/s40
boundaries/uk/rds/s50
boundaries/uk/shp
boundaries/us/rds
boundaries/us/shp
boundaries/wd/rds
boundaries/wd/shp
boundaries/uk/rds/s00
boundaries/uk/rds/s10
boundaries/uk/rds/s20
boundaries/uk/rds/s30
boundaries/uk/rds/s40
boundaries/uk/rds/s50
boundaries/uk/shp
boundaries/us/rds
boundaries/us/shp
boundaries/wd/rds
boundaries/wd/shp
databases
datasets/common
datasets/cycle_schemas/london
datasets/eu
datasets/it/census/2010
datasets/it/census/perm
datasets/it/geography
datasets/uk/census
datasets/uk/covid
datasets/uk/crime_incidents
datasets/uk/geodemographics/estimates
datasets/uk/geodemographics/indices
datasets/uk/geodemographics/poi
datasets/uk/geography/distances
datasets/uk/geography/neighbours
datasets/uk/import_export
datasets/uk/land_registry
datasets/uk/lending
datasets/uk/nhs
datasets/us/geography
datasets/wd/geography
datasets/wd/hdi
datasets/wd/who
dependencies
docker_hub
ext_data/crime_incidents/sanfrancisco
ext_data/crime_incidents/uk
ext_data/cycle_schemes/boston
ext_data/cycle_schemes/london
ext_data/cycle_schemes/washington
ext_data/eu
ext_data/it/census/2010
ext_data/it/census/201819
ext_data/it/census/CPA
ext_data/it/census/SCE
ext_data/it/collegi/2017/confini
ext_data/it/collegi/2017/dati
ext_data/it/geography/boundaries/ASC
ext_data/it/geography/boundaries/ACE
ext_data/it/geography/boundaries/CMN
ext_data/it/geography/boundaries/grid
ext_data/it/geography/boundaries/PRV
ext_data/it/geography/boundaries/RGN
ext_data/it/geography/boundaries/RPT
ext_data/it/geography/boundaries/SZN
ext_data/it/geography/locations/ASC
ext_data/it/geography/locations/LCT
ext_data/it/geography/locations/SZN
ext_data/it/geography/locations/admin
ext_data/it/geography/locations/mods
ext_data/it/istat
ext_data/uk/census/EW
ext_data/uk/census/SC
ext_data/uk/census/NI
ext_data/uk/covid
ext_data/uk/gender_pay_gap
ext_data/uk/geodemographics/estimates/population
ext_data/uk/geodemographics/estimates/gp_patients
ext_data/uk/geodemographics/estimates/energy_gas_consumptions
ext_data/uk/geodemographics/estimates/food_shops_hygiene_rating
ext_data/uk/geodemographics/estimates/house_prices
ext_data/uk/geodemographics/estimates/households_income
ext_data/uk/geodemographics/estimates/lending
ext_data/uk/geodemographics/indices/IMD/ENG
ext_data/uk/geodemographics/indices/IMD/NIE
ext_data/uk/geodemographics/indices/IMD/SCO
ext_data/uk/geodemographics/indices/IMDWLS
ext_data/uk/geodemographics/indices/IUC
ext_data/uk/geodemographics/indices/LSOAC
ext_data/uk/geodemographics/indices/OAC
ext_data/uk/geodemographics/indices/RUC
ext_data/uk/geodemographics/poi/businesses
ext_data/uk/geodemographics/poi/cqc_care_directory
ext_data/uk/geodemographics/poi/energy_gas_meters
ext_data/uk/geodemographics/poi/food_shops
ext_data/uk/geodemographics/poi/gps_practices
ext_data/uk/geodemographics/poi/libraries
ext_data/uk/geodemographics/poi/mot_centres
ext_data/uk/geodemographics/poi/nurseries
ext_data/uk/geodemographics/poi/pubs
ext_data/uk/geodemographics/poi/schools
ext_data/uk/geodemographics/poi/uprn
ext_data/uk/geography/boundaries/OA
ext_data/uk/geography/boundaries/PAR
ext_data/uk/geography/boundaries/PCS
ext_data/uk/geography/boundaries/shp
ext_data/uk/geography/boundaries/WCZ
ext_data/uk/geography/centroids
ext_data/uk/geography/locations
ext_data/uk/geography/lookups
ext_data/uk/geography/postcodes
ext_data/uk/import_export
ext_data/uk/land_registry
ext_data/uk/nhs
ext_data/uk/ofcom_broadband
ext_data/uk/ofcom_mobile
ext_data/uk/state_benefits
ext_data/uk/vehicles
ext_data/us/census
ext_data/us/geography
ext_data/us/nyc_taxi
ext_data/wd/geography
ext_data/wd/hdi
ext_data/wd/weather
ext_data/wd/who
ext_libs
fonts
images/icons
maptiles
R_library
scripts
shiny_apps/airlines_us
shiny_apps/crime_incidents_sfo
shiny_apps/crime_incidents_uk
shiny_apps/cycle_hire_bay
shiny_apps/cycle_hire_bst
shiny_apps/cycle_hire_chi
shiny_apps/cycle_hire_lax
shiny_apps/cycle_hire_ldn
shiny_apps/cycle_hire_nyc
shiny_apps/cycle_hire_phi
shiny_apps/cycle_hire_wdc
shiny_apps/it_census
shiny_apps/it_covid
shiny_apps/it_electoral_counties
shiny_apps/it_bank_branches_catchment_areas
shiny_apps/kaggle_ames_housing
shiny_apps/ldn_income
shiny_apps/palettes
shiny_apps/r_downloads
shiny_apps/road_accidents_nyc
shiny_apps/uk_blue_plaques
shiny_apps/uk_brexit_referencdum
shiny_apps/uk_businesses
shiny_apps/uk_cap
shiny_apps/uk_census
shiny_apps/uk_commuters_map
shiny_apps/uk_companies_house
shiny_apps/uk_covid
shiny_apps/uk_covid_vaccine_adverse_reactions
shiny_apps/uk_eatout
shiny_apps/uk_elections
shiny_apps/uk_food_shops
shiny_apps/uk_food_hygiene_rating
shiny_apps/uk_gender_pay_gap
shiny_apps/uk_geoexplorer
shiny_apps/uk_import_export
shiny_apps/uk_income
shiny_apps/uk_land_registry
shiny_apps/uk_lending
shiny_apps/uk_major_towns
shiny_apps/uk_places_names
shiny_apps/uk_multiple_deprivation
shiny_apps/uk_nhs
shiny-apps/uk_petitions
shiny_apps/uk_postcodes_visualizer
shiny_apps/uk_rail_stations_usage
shiny_apps/uk_road_safety
shiny_apps/uk_vehicles
shiny_apps/us_billboard_charts
shiny_apps/us_census
shiny_apps/us_brfss
shiny_apps/wd_city_temperatures
shiny_apps/wd_earthquakes
shiny_apps/wd_hdi
shiny_apps/wd_tycho
shiny_apps/wd_weather
shiny_apps/yahoo_finance
shiny_server/logs
shiny_server/pwds
slides
styles
temp/downloads
work/atg
work/flubit
work/hirespace
work/master
work/nicor
work/tdab
workshops/common/datasets
workshops/common/geography
workshops/devOps/docker
workshops/devOps/linux
workshops/devOps/cloud_machine
workshops/modeling/classification
workshops/modeling/clustering
workshops/modeling/feature_engineering
workshops/modeling/forecasting
workshops/modeling/matrix_decompositions
workshops/modeling/principal_components
workshops/modeling/regression
workshops/R/build_your_own_package
workshops/R/data.table
workshops/R/data_io
workshops/R/data_manipulation
workshops/R/data_wrangling
workshops/R/data_visualization
workshops/R/dplyr
workshops/R/ggplot
workshops/R/ggplot_extensions
workshops/R/htmlwidgets
workshops/R/R_as_a_GIS
workshops/R/R_introduction
workshops/R/R_programming_I
workshops/R/R_programming_II
workshops/R/R_programming_III
workshops/R/R_spatial
workshops/R/RMarkdown_I
workshops/R/RMarkdown_II
workshops/R/shiny_I
workshops/R/shiny_II
workshops/R/shiny_III
workshops/R/shiny_extensions
workshops/R/tidyr
workshops/R/tidyverse
workshops/R/xaringan
www
